// Jest Snapshot v1, https://goo.gl/fbAQLP

exports[`<App /> should render properly 1`] = `
<div
  className="wrapper"
>
  <Header
    className="header"
  />
  <Home />
</div>
`;
