// Jest Snapshot v1, https://goo.gl/fbAQLP

exports[`<Home /> should render properly 1`] = `
<div
  className="home"
>
  <div
    className="main"
  >
    hans
  </div>
  <div
    className="options"
  />
</div>
`;
